\BOOKMARK [1][-]{section*.2}{\376\377\000P\000u\000r\000p\000o\000s\000e}{}% 1
\BOOKMARK [0][-]{chapter.1}{\376\377\000P\000r\000e\000v\000i\000o\000u\000s\000\040\000d\000e\000l\000i\000v\000e\000r\000a\000b\000l\000e\000s}{}% 2
\BOOKMARK [0][-]{chapter.2}{\376\377\000D\0003}{}% 3
\BOOKMARK [1][-]{section*.4}{\376\377\000R\000E\000:\000\040\000O\000b\000j\000e\000c\000t\000i\000v\000e\000s}{chapter.2}% 4
\BOOKMARK [2][-]{section*.6}{\376\377\000T\000i\000c\000k\000e\000t\000i\000n\000g\000\040\000s\000y\000s\000t\000e\000m}{chapter.2}% 5
\BOOKMARK [2][-]{section*.7}{\376\377\000R\000o\000u\000t\000e\000-\000f\000i\000n\000d\000i\000n\000g}{chapter.2}% 6
\BOOKMARK [2][-]{section*.8}{\376\377\000V\000i\000r\000t\000u\000a\000l\000\040\000b\000o\000a\000r\000d}{chapter.2}% 7
\BOOKMARK [2][-]{section*.9}{\376\377\000R\000a\000i\000l\000\040\000s\000y\000s\000t\000e\000m\000\040\000m\000o\000d\000e\000l\000i\000n\000g}{chapter.2}% 8
\BOOKMARK [1][-]{section*.10}{\376\377\000R\000E\000:\000\040\000S\000t\000a\000k\000e\000h\000o\000l\000d\000e\000r\000s}{chapter.2}% 9
\BOOKMARK [2][-]{section*.11}{\376\377\000I\000n\000t\000e\000r\000n\000a\000l}{section*.10}% 10
\BOOKMARK [3][-]{section*.12}{\376\377\000H\000u\000m\000a\000n}{section*.11}% 11
\BOOKMARK [3][-]{section*.13}{\376\377\000H\000u\000m\000a\000n}{section*.11}% 12
\BOOKMARK [2][-]{section*.14}{\376\377\000E\000x\000t\000e\000r\000n\000a\000l}{section*.10}% 13
\BOOKMARK [3][-]{section*.15}{\376\377\000H\000u\000m\000a\000n}{section*.14}% 14
\BOOKMARK [3][-]{section*.16}{\376\377\000N\000o\000n\000-\000h\000u\000m\000a\000n}{section*.14}% 15
\BOOKMARK [1][-]{section.2.1}{\376\377\000U\000s\000e\000\040\000c\000a\000s\000e\000\040\000i\000m\000p\000l\000e\000m\000e\000n\000t\000e\000d}{chapter.2}% 16
\BOOKMARK [1][-]{section.2.2}{\376\377\000C\000l\000a\000s\000s\000\040\000D\000i\000a\000g\000r\000a\000m}{chapter.2}% 17
\BOOKMARK [1][-]{section.2.3}{\376\377\000P\000r\000o\000j\000e\000c\000t\000\040\000S\000t\000r\000u\000c\000t\000u\000r\000e}{chapter.2}% 18
\BOOKMARK [1][-]{section.2.4}{\376\377\000A\000r\000c\000h\000i\000t\000e\000c\000t\000u\000r\000e}{chapter.2}% 19
\BOOKMARK [1][-]{section.2.5}{\376\377\000I\000m\000p\000l\000e\000m\000e\000n\000t\000a\000t\000i\000o\000n\000\040\000L\000a\000n\000g\000u\000a\000g\000e}{chapter.2}% 20
\BOOKMARK [1][-]{section.2.6}{\376\377\000D\000o\000c\000u\000m\000e\000n\000t\000a\000t\000i\000o\000n}{chapter.2}% 21
\BOOKMARK [1][-]{section.2.7}{\376\377\000P\000r\000o\000j\000e\000c\000t\000\040\000D\000e\000p\000e\000n\000d\000e\000n\000c\000i\000e\000s}{chapter.2}% 22
\BOOKMARK [1][-]{section.2.8}{\376\377\000D\000a\000t\000a\000b\000a\000s\000e}{chapter.2}% 23
\BOOKMARK [1][-]{section.2.9}{\376\377\000U\000s\000e\000r\000\040\000F\000l\000o\000w\000s}{chapter.2}% 24
\BOOKMARK [2][-]{subsection.2.9.1}{\376\377\000U\000s\000e\000r\000\040\000M\000a\000n\000a\000g\000e\000m\000e\000n\000t}{section.2.9}% 25
\BOOKMARK [2][-]{subsection.2.9.2}{\376\377\000T\000i\000c\000k\000e\000t\000i\000n\000g}{section.2.9}% 26
\BOOKMARK [2][-]{subsection.2.9.3}{\376\377\000P\000a\000s\000s\000e\000n\000g\000e\000r}{section.2.9}% 27
\BOOKMARK [2][-]{subsection.2.9.4}{\376\377\000T\000r\000a\000i\000n\000\040\000C\000o\000m\000p\000a\000n\000y}{section.2.9}% 28
\BOOKMARK [2][-]{subsection.2.9.5}{\376\377\000N\000e\000t\000w\000o\000r\000k\000\040\000M\000a\000n\000a\000g\000e\000r}{section.2.9}% 29
\BOOKMARK [1][-]{section.2.10}{\376\377\000A\000P\000I\000s}{chapter.2}% 30
\BOOKMARK [1][-]{section.2.11}{\376\377\000G\000i\000t\000H\000u\000b\000\040\000r\000e\000p\000o}{chapter.2}% 31
\BOOKMARK [1][-]{section.2.12}{\376\377\000C\000o\000d\000e\000\040\000P\000r\000e\000v\000i\000e\000w}{chapter.2}% 32
\BOOKMARK [1][-]{section.2.13}{\376\377\000T\000e\000a\000m\000\040\000r\000o\000l\000e\000s}{chapter.2}% 33
