<<<<<<< HEAD
This is pdfTeX, Version 3.141592653-2.6-1.40.28 (MiKTeX 25.12) (preloaded format=pdflatex 2026.5.14)  15 JUN 2026 20:46
=======
This is pdfTeX, Version 3.141592653-2.6-1.40.29 (TeX Live 2026/Arch Linux) (preloaded format=pdflatex 2026.6.5)  15 JUN 2026 20:38
>>>>>>> da0c244465d1b0ba8486b9c385c5768d1e43c1f8
entering extended mode
 restricted \write18 enabled.
 %&-line parsing enabled.
**D3_DispatchNet.tex
(./D3_DispatchNet.tex
LaTeX2e <2025-11-01>
L3 programming layer <2026-01-19>
(/usr/share/texmf-dist/tex/latex/base/report.cls
Document Class: report 2025/01/22 v1.4n Standard LaTeX document class
(/usr/share/texmf-dist/tex/latex/base/size12.clo
File: size12.clo 2025/01/22 v1.4n Standard LaTeX file (size option)
)
\c@part=\count275
\c@chapter=\count276
\c@section=\count277
\c@subsection=\count278
\c@subsubsection=\count279
\c@paragraph=\count280
\c@subparagraph=\count281
\c@figure=\count282
\c@table=\count283
\abovecaptionskip=\skip49
\belowcaptionskip=\skip50
\bibindent=\dimen148
)
(/usr/share/texmf-dist/tex/latex/fancyhdr/fancyhdr.sty
Package: fancyhdr 2025/02/07 v5.2 Extensive control of page headers and footers

\f@nch@headwidth=\skip51
\f@nch@offset@elh=\skip52
\f@nch@offset@erh=\skip53
\f@nch@offset@olh=\skip54
\f@nch@offset@orh=\skip55
\f@nch@offset@elf=\skip56
\f@nch@offset@erf=\skip57
\f@nch@offset@olf=\skip58
\f@nch@offset@orf=\skip59
\f@nch@height=\skip60
\f@nch@footalignment=\skip61
\f@nch@widthL=\skip62
\f@nch@widthC=\skip63
\f@nch@widthR=\skip64
\@temptokenb=\toks17
)
(/usr/share/texmf-dist/tex/latex/hyperref/hyperref.sty
Package: hyperref 2026-01-29 v7.01p Hypertext links for LaTeX

(/usr/share/texmf-dist/tex/generic/iftex/iftex.sty
Package: iftex 2024/12/12 v1.0g TeX engine tests
)
(/usr/share/texmf-dist/tex/latex/graphics/keyval.sty
Package: keyval 2022/05/29 v1.15 key=value parser (DPC)
\KV@toks@=\toks18
)
(/usr/share/texmf-dist/tex/latex/kvsetkeys/kvsetkeys.sty
Package: kvsetkeys 2022-10-05 v1.19 Key value parser (HO)
)
(/usr/share/texmf-dist/tex/generic/kvdefinekeys/kvdefinekeys.sty
Package: kvdefinekeys 2019-12-19 v1.6 Define keys (HO)
)
(/usr/share/texmf-dist/tex/generic/pdfescape/pdfescape.sty
Package: pdfescape 2019/12/09 v1.15 Implements pdfTeX's escape features (HO)

(/usr/share/texmf-dist/tex/generic/ltxcmds/ltxcmds.sty
Package: ltxcmds 2023-12-04 v1.26 LaTeX kernel commands for general use (HO)
)
(/usr/share/texmf-dist/tex/generic/pdftexcmds/pdftexcmds.sty
Package: pdftexcmds 2020-06-27 v0.33 Utility functions of pdfTeX for LuaTeX (HO
)

(/home/alessio/texmf/tex/latex/infwarerr.sty
Package: infwarerr 2019/12/03 v1.5 Providing info/warning/error messages (HO)
)
Package pdftexcmds Info: \pdf@primitive is available.
Package pdftexcmds Info: \pdf@ifprimitive is available.
Package pdftexcmds Info: \pdfdraftmode found.
))
(/usr/share/texmf-dist/tex/latex/hycolor/hycolor.sty
Package: hycolor 2020-01-27 v1.10 Color options for hyperref/bookmark (HO)
)
(/usr/share/texmf-dist/tex/latex/hyperref/nameref.sty
Package: nameref 2026-01-29 v2.58 Cross-referencing by name of section

(/usr/share/texmf-dist/tex/latex/refcount/refcount.sty
Package: refcount 2019/12/15 v3.6 Data extraction from label references (HO)
)
(/usr/share/texmf-dist/tex/generic/gettitlestring/gettitlestring.sty
Package: gettitlestring 2019/12/15 v1.6 Cleanup title references (HO)

(/usr/share/texmf-dist/tex/latex/kvoptions/kvoptions.sty
Package: kvoptions 2022-06-15 v3.15 Key value format for package options (HO)
))
\c@section@level=\count284
)
(/usr/share/texmf-dist/tex/latex/etoolbox/etoolbox.sty
Package: etoolbox 2025/10/02 v2.5m e-TeX tools for LaTeX (JAW)
\etb@tempcnta=\count285
)
(/usr/share/texmf-dist/tex/generic/stringenc/stringenc.sty
Package: stringenc 2019/11/29 v1.12 Convert strings between diff. encodings (HO
)
)
\@linkdim=\dimen149
\Hy@linkcounter=\count286
\Hy@pagecounter=\count287

(/usr/share/texmf-dist/tex/latex/hyperref/pd1enc.def
File: pd1enc.def 2026-01-29 v7.01p Hyperref: PDFDocEncoding definition (HO)
Now handling font encoding PD1 ...
... no UTF-8 mapping file for font encoding PD1
)
(/usr/share/texmf-dist/tex/generic/intcalc/intcalc.sty
Package: intcalc 2019/12/15 v1.3 Expandable calculations with integers (HO)
)
\Hy@SavedSpaceFactor=\count288

(/usr/share/texmf-dist/tex/latex/hyperref/puenc.def
File: puenc.def 2026-01-29 v7.01p Hyperref: PDF Unicode definition (HO)
Now handling font encoding PU ...
... no UTF-8 mapping file for font encoding PU
)
Package hyperref Info: Hyper figures OFF on input line 4201.
Package hyperref Info: Link nesting OFF on input line 4206.
Package hyperref Info: Hyper index ON on input line 4209.
Package hyperref Info: Plain pages OFF on input line 4216.
Package hyperref Info: Backreferencing OFF on input line 4221.
Package hyperref Info: Implicit mode ON; LaTeX internals redefined.
Package hyperref Info: Bookmarks ON on input line 4468.
\c@Hy@tempcnt=\count289

(/usr/share/texmf-dist/tex/latex/url/url.sty
\Urlmuskip=\muskip17
Package: url 2013/09/16  ver 3.4  Verb mode for urls, etc.
)
LaTeX Info: Redefining \url on input line 4807.
\XeTeXLinkMargin=\dimen150

(/usr/share/texmf-dist/tex/generic/bitset/bitset.sty
Package: bitset 2019/12/09 v1.3 Handle bit-vector datatype (HO)

(/usr/share/texmf-dist/tex/generic/bigintcalc/bigintcalc.sty
Package: bigintcalc 2019/12/15 v1.5 Expandable calculations on big integers (HO
)
))
\Fld@menulength=\count290
\Field@Width=\dimen151
\Fld@charsize=\dimen152
Package hyperref Info: Hyper figures OFF on input line 6084.
Package hyperref Info: Link nesting OFF on input line 6089.
Package hyperref Info: Hyper index ON on input line 6092.
Package hyperref Info: backreferencing OFF on input line 6099.
Package hyperref Info: Link coloring OFF on input line 6104.
Package hyperref Info: Link coloring with OCG OFF on input line 6109.
Package hyperref Info: PDF/A mode OFF on input line 6114.
\Hy@abspage=\count291
\c@Item=\count292
\c@Hfootnote=\count293
)
Package hyperref Info: Driver (autodetected): hpdftex.

(/usr/share/texmf-dist/tex/latex/hyperref/hpdftex.def
File: hpdftex.def 2026-01-29 v7.01p Hyperref driver for pdfTeX
\Fld@listcount=\count294
\c@bookmark@seq@number=\count295

(/usr/share/texmf-dist/tex/latex/rerunfilecheck/rerunfilecheck.sty
Package: rerunfilecheck 2025-06-21 v1.11 Rerun checks for auxiliary files (HO)

(/usr/share/texmf-dist/tex/generic/uniquecounter/uniquecounter.sty
Package: uniquecounter 2019/12/15 v1.4 Provide unlimited unique counter (HO)
)
Package uniquecounter Info: New unique counter `rerunfilecheck' on input line 2
84.
)
\Hy@SectionHShift=\skip65
)
(/home/alessio/texmf/tex/latex/xcolor.sty

LaTeX Warning: You have requested package `xcolor',
               but the package provides `xcolor-2022-06-12'.

Package: xcolor-2022-06-12 2022/06/12 v2.14 LaTeX color extensions (UK)
(/usr/share/texmf-dist/tex/latex/graphics-cfg/color.cfg
File: color.cfg 2016/01/02 v1.6 sample color configuration
)
Package xcolor Info: Driver file: pdftex.def on input line 227.

(/usr/share/texmf-dist/tex/latex/graphics-def/pdftex.def
File: pdftex.def 2025/09/29 v1.2d Graphics/color driver for pdftex
)
(/usr/share/texmf-dist/tex/latex/graphics/mathcolor.ltx)
Package xcolor Info: Model `cmy' substituted by `cmy0' on input line 1353.
Package xcolor Info: Model `hsb' substituted by `rgb' on input line 1357.
Package xcolor Info: Model `RGB' extended on input line 1369.
Package xcolor Info: Model `HTML' substituted by `rgb' on input line 1371.
Package xcolor Info: Model `Hsb' substituted by `hsb' on input line 1372.
Package xcolor Info: Model `tHsb' substituted by `hsb' on input line 1373.
Package xcolor Info: Model `HSB' substituted by `hsb' on input line 1374.
Package xcolor Info: Model `Gray' substituted by `gray' on input line 1375.
Package xcolor Info: Model `wave' substituted by `hsb' on input line 1376.
)
(/home/alessio/texmf/tex/latex/pdfpages.sty
Package: pdfpages 2026/03/30 v0.6h Insert pages of external PDF documents (AM)

(/usr/share/texmf-dist/tex/latex/base/ifthen.sty
Package: ifthen 2024/03/16 v1.1e Standard LaTeX ifthen package (DPC)
)
(/usr/share/texmf-dist/tex/latex/tools/calc.sty
Package: calc 2025/03/01 v4.3b Infix arithmetic (KKT,FJ)
\calc@Acount=\count296
\calc@Bcount=\count297
\calc@Adimen=\dimen153
\calc@Bdimen=\dimen154
\calc@Askip=\skip66
\calc@Bskip=\skip67
LaTeX Info: Redefining \setlength on input line 86.
LaTeX Info: Redefining \addtolength on input line 87.
\calc@Ccount=\count298
\calc@Cskip=\skip68
)
(/home/alessio/texmf/tex/latex/eso-pic.sty
Package: eso-pic 2025/12/10 v3.0d eso-pic (RN)
\ESO@tempdima=\dimen155
\ESO@tempdimb=\dimen156
)
(/usr/share/texmf-dist/tex/latex/graphics/graphicx.sty
Package: graphicx 2024/12/31 v1.2e Enhanced LaTeX Graphics (DPC,SPQR)

(/usr/share/texmf-dist/tex/latex/graphics/graphics.sty
Package: graphics 2024/08/06 v1.4g Standard LaTeX Graphics (DPC,SPQR)

(/usr/share/texmf-dist/tex/latex/graphics/trig.sty
Package: trig 2023/12/02 v1.11 sin cos tan (DPC)
)
(/usr/share/texmf-dist/tex/latex/graphics-cfg/graphics.cfg
File: graphics.cfg 2016/06/04 v1.11 sample graphics configuration
)
Package graphics Info: Driver file: pdftex.def on input line 106.
)
\Gin@req@height=\dimen157
\Gin@req@width=\dimen158
)
\AM@pagewidth=\dimen159
\AM@pageheight=\dimen160
\AM@fboxrule=\dimen161

(/home/alessio/texmf/tex/latex/pdfpages/pppdftex.def
File: pppdftex.def 2026/03/30 v0.6h Pdfpages driver for pdfTeX (AM)
)
\pdfpages@includegraphics@status=\count299
\AM@pagebox=\box53
\AM@global@opts=\toks19
\AM@pagecnt=\count300
\AM@toc@title=\toks20
\AM@lof@heading=\toks21
\c@AM@survey=\count301
\AM@templatesizebox=\box54
)
Package hyperref Info: Option `colorlinks' set `true' on input line 10.

(/usr/share/texmf-dist/tex/latex/l3backend/l3backend-pdftex.def
File: l3backend-pdftex.def 2025-10-09 L3 backend support: PDF output (pdfTeX)
\l__color_backend_stack_int=\count302
)
(./D3_DispatchNet.aux)
\openout1 = `D3_DispatchNet.aux'.

LaTeX Font Info:    Checking defaults for OML/cmm/m/it on input line 49.
LaTeX Font Info:    ... okay on input line 49.
LaTeX Font Info:    Checking defaults for OMS/cmsy/m/n on input line 49.
LaTeX Font Info:    ... okay on input line 49.
LaTeX Font Info:    Checking defaults for OT1/cmr/m/n on input line 49.
LaTeX Font Info:    ... okay on input line 49.
LaTeX Font Info:    Checking defaults for T1/cmr/m/n on input line 49.
LaTeX Font Info:    ... okay on input line 49.
LaTeX Font Info:    Checking defaults for TS1/cmr/m/n on input line 49.
LaTeX Font Info:    ... okay on input line 49.
LaTeX Font Info:    Checking defaults for OMX/cmex/m/n on input line 49.
LaTeX Font Info:    ... okay on input line 49.
LaTeX Font Info:    Checking defaults for U/cmr/m/n on input line 49.
LaTeX Font Info:    ... okay on input line 49.
LaTeX Font Info:    Checking defaults for PD1/pdf/m/n on input line 49.
LaTeX Font Info:    ... okay on input line 49.
LaTeX Font Info:    Checking defaults for PU/pdf/m/n on input line 49.
LaTeX Font Info:    ... okay on input line 49.
Package hyperref Info: Link coloring ON on input line 49.
 (./D3_DispatchNet.out) (./D3_DispatchNet.out)
\@outlinefile=\write3
\openout3 = `D3_DispatchNet.out'.


(/usr/share/texmf-dist/tex/context/base/mkii/supp-pdf.mkii
[Loading MPS to PDF converter (version 2006.09.02).]
\scratchcounter=\count303
\scratchdimen=\dimen162
\scratchbox=\box55
\nofMPsegments=\count304
\nofMParguments=\count305
\everyMPshowfont=\toks22
\MPscratchCnt=\count306
\MPscratchDim=\dimen163
\MPnumerator=\count307
\makeMPintoPDFobject=\count308
\everyMPtoPDFconversion=\toks23
) (/usr/share/texmf-dist/tex/latex/epstopdf-pkg/epstopdf-base.sty
Package: epstopdf-base 2020-01-24 v2.11 Base part for package epstopdf
Package epstopdf-base Info: Redefining graphics rule for `.eps' on input line 4
85.

(/usr/share/texmf-dist/tex/latex/latexconfig/epstopdf-sys.cfg
File: epstopdf-sys.cfg 2010/07/13 v1.3 Configuration of (r)epstopdf for TeX Liv
e
))
(/home/alessio/texmf/tex/latex/pdflscape.sty
Package: pdflscape 2025-06-23 v0.14 Display of landscape pages in PDF

(/home/alessio/texmf/tex/latex/pdflscape/pdflscape-nometadata.sty
Package: pdflscape-nometadata 2025-06-23 v0.14 Display of landscape pages in PD
F (HO)

(/usr/share/texmf-dist/tex/latex/graphics/lscape.sty
Package: lscape 2020/05/28 v3.02 Landscape Pages (DPC)
)
Package pdflscape Info: Auto-detected driver: pdftex on input line 82.
))
LaTeX Font Info:    External font `cmex10' loaded for size
(Font)              <14.4> on input line 51.
LaTeX Font Info:    External font `cmex10' loaded for size
(Font)              <7> on input line 51.
 [1

<<<<<<< HEAD
[1

{C:/Users/gatto/AppData/Local/MiKTeX/fonts/map/pdftex/pdftex.map}]
(D3_DispatchNet.toc
LaTeX Font Info:    External font `cmex10' loaded for size
(Font)              <12> on input line 1.
LaTeX Font Info:    External font `cmex10' loaded for size
(Font)              <8> on input line 1.
LaTeX Font Info:    External font `cmex10' loaded for size
(Font)              <6> on input line 1.
)
=======
{/var/lib/texmf/fonts/map/pdftex/updmap/pdftex.map}] (./D3_DispatchNet.toc)
>>>>>>> da0c244465d1b0ba8486b9c385c5768d1e43c1f8
\tf@toc=\write4
\openout4 = `D3_DispatchNet.toc'.


Underfull \hbox (badness 10000) in paragraph at lines 56--61

 []


pdfTeX warning (ext4): destination with the same identifier (name{page.1}) has 
been already used, duplicate ignored
<to be read again> 
                   \relax 
l.62 \newpage
              [1

] [2{/usr/share/texmf-dist/fonts/enc/dvips/cm-super/cm-super-ts1.enc}]
Chapter 1.
[3

]
Chapter 2.
<<<<<<< HEAD
(D3_BodyText.tex
<images/structure/DispatchNet_project_structure.png, id=114, 173.89969pt x 709.
90219pt>
=======
(./D3_BodyText.tex
<images/structure/DispatchNet_project_structure.png, id=31, 173.89969pt x 709.9
0219pt>
>>>>>>> da0c244465d1b0ba8486b9c385c5768d1e43c1f8
File: images/structure/DispatchNet_project_structure.png Graphic file (type png
)
<use images/structure/DispatchNet_project_structure.png>
Package pdftex.def Info: images/structure/DispatchNet_project_structure.png  us
ed on input line 4.
(pdftex.def)             Requested size: 296.39786pt x 1210.13242pt.
 [4

]
Overfull \vbox (661.63242pt too high) has occurred while \output is active []


[5 <./images/structure/DispatchNet_project_structure.png>] [6]
Overfull \hbox (0.7351pt too wide) in paragraph at lines 43--45
[]\OT1/cmr/m/n/12 Our mo-ti-va-tion for \OT1/cmr/bx/n/12 Java \OT1/cmr/m/n/12 w
as the ex-treme porta-bil-ity and the very module-
 []

[7]
<<<<<<< HEAD
<images/database/user_database.png, id=137, 1085.55562pt x 52.69687pt>
=======
<images/database/user_database.png, id=59, 1085.55562pt x 52.69687pt>
>>>>>>> da0c244465d1b0ba8486b9c385c5768d1e43c1f8
File: images/database/user_database.png Graphic file (type png)
<use images/database/user_database.png>
Package pdftex.def Info: images/database/user_database.png  used on input line 
70.
(pdftex.def)             Requested size: 296.39786pt x 14.38835pt.
<<<<<<< HEAD
<images/database/junction_database.png, id=139, 844.3545pt x 34.32825pt>
=======
<images/database/junction_database.png, id=61, 844.3545pt x 34.32825pt>
>>>>>>> da0c244465d1b0ba8486b9c385c5768d1e43c1f8
File: images/database/junction_database.png Graphic file (type png)
<use images/database/junction_database.png>
Package pdftex.def Info: images/database/junction_database.png  used on input l
ine 73.
(pdftex.def)             Requested size: 296.39786pt x 12.05014pt.
<<<<<<< HEAD
<images/database/line_database.png, id=141, 855.79726pt x 36.135pt>
=======
<images/database/line_database.png, id=63, 855.79726pt x 36.135pt>
>>>>>>> da0c244465d1b0ba8486b9c385c5768d1e43c1f8
File: images/database/line_database.png Graphic file (type png)
<use images/database/line_database.png>
Package pdftex.def Info: images/database/line_database.png  used on input line 
76.
(pdftex.def)             Requested size: 296.39786pt x 12.51509pt.
<<<<<<< HEAD
<images/database/platform_database.png, id=143, 549.252pt x 36.135pt>
=======
<images/database/platform_database.png, id=65, 549.252pt x 36.135pt>
>>>>>>> da0c244465d1b0ba8486b9c385c5768d1e43c1f8
File: images/database/platform_database.png Graphic file (type png)
<use images/database/platform_database.png>
Package pdftex.def Info: images/database/platform_database.png  used on input l
ine 79.
(pdftex.def)             Requested size: 296.39786pt x 19.49936pt.
<<<<<<< HEAD
<images/database/stationdata_database.png, id=145, 380.01974pt x 48.18pt>
=======
<images/database/stationdata_database.png, id=67, 380.01974pt x 48.18pt>
>>>>>>> da0c244465d1b0ba8486b9c385c5768d1e43c1f8
File: images/database/stationdata_database.png Graphic file (type png)
<use images/database/stationdata_database.png>
Package pdftex.def Info: images/database/stationdata_database.png  used on inpu
t line 82.
(pdftex.def)             Requested size: 296.39786pt x 37.57948pt.
 [8 <./images/database/user_database.png> <./images/database/junction_database.
png> <./images/database/line_database.png> <./images/database/platform_database
.png> <./images/database/stationdata_database.png>]
<<<<<<< HEAD
<user_diagrams/user_management_user.pdf, id=156, 885.3075pt x 983.675pt>
=======
<user_diagrams/user_management_user.pdf, id=78, 885.3075pt x 983.675pt>
>>>>>>> da0c244465d1b0ba8486b9c385c5768d1e43c1f8
File: user_diagrams/user_management_user.pdf Graphic file (type pdf)
<use user_diagrams/user_management_user.pdf>
Package pdftex.def Info: user_diagrams/user_management_user.pdf  used on input 
line 92.
(pdftex.def)             Requested size: 296.39786pt x 329.32678pt.
 [9 <./user_diagrams/user_management_user.pdf>]
<<<<<<< HEAD
<user_diagrams/ticketing_user.pdf, id=164, 447.6725pt x 376.40625pt>
=======

LaTeX Warning: Hyper reference `Passenger' on page 10 undefined on input line 9
7.

<user_diagrams/ticketing_user.pdf, id=87, 447.6725pt x 376.40625pt>
>>>>>>> da0c244465d1b0ba8486b9c385c5768d1e43c1f8
File: user_diagrams/ticketing_user.pdf Graphic file (type pdf)
<use user_diagrams/ticketing_user.pdf>
Package pdftex.def Info: user_diagrams/ticketing_user.pdf  used on input line 9
9.
(pdftex.def)             Requested size: 296.39786pt x 249.22148pt.
<<<<<<< HEAD
 [10 <./user_diagrams/ticketing_user.pdf>]
<user_diagrams/passenger_user.pdf, id=173, 677.53125pt x 993.7125pt>
=======
[10 <./user_diagrams/ticketing_user.pdf>]

LaTeX Warning: Hyper reference `User Management' on page 11 undefined on input 
line 103.


LaTeX Warning: Hyper reference `Ticketing' on page 11 undefined on input line 1
03.

<user_diagrams/passenger_user.pdf, id=95, 677.53125pt x 993.7125pt>
>>>>>>> da0c244465d1b0ba8486b9c385c5768d1e43c1f8
File: user_diagrams/passenger_user.pdf Graphic file (type pdf)
<use user_diagrams/passenger_user.pdf>
Package pdftex.def Info: user_diagrams/passenger_user.pdf  used on input line 1
05.
(pdftex.def)             Requested size: 296.39786pt x 434.73299pt.
<<<<<<< HEAD
 [11 <./user_diagrams/passenger_user.pdf>]
<user_diagrams/train_company_user.pdf, id=181, 939.51pt x 817.0525pt>
=======
[11 <./user_diagrams/passenger_user.pdf>]

LaTeX Warning: Hyper reference `User Management' on page 12 undefined on input 
line 109.

<user_diagrams/train_company_user.pdf, id=103, 939.51pt x 817.0525pt>
>>>>>>> da0c244465d1b0ba8486b9c385c5768d1e43c1f8
File: user_diagrams/train_company_user.pdf Graphic file (type pdf)
<use user_diagrams/train_company_user.pdf>
Package pdftex.def Info: user_diagrams/train_company_user.pdf  used on input li
ne 111.
(pdftex.def)             Requested size: 296.39786pt x 257.75938pt.
<<<<<<< HEAD
 [12 <./user_diagrams/train_company_user.pdf>]
<user_diagrams/network_manager_user.pdf, id=189, 873.2625pt x 730.73pt>
=======
[12 <./user_diagrams/train_company_user.pdf>]
<user_diagrams/network_manager_user.pdf, id=112, 873.2625pt x 730.73pt>
>>>>>>> da0c244465d1b0ba8486b9c385c5768d1e43c1f8
File: user_diagrams/network_manager_user.pdf Graphic file (type pdf)
<use user_diagrams/network_manager_user.pdf>
Package pdftex.def Info: user_diagrams/network_manager_user.pdf  used on input 
line 117.
(pdftex.def)             Requested size: 296.39786pt x 248.02121pt.
<<<<<<< HEAD

[13 <./user_diagrams/network_manager_user.pdf>]
=======
 [13 <./user_diagrams/network_manager_user.pdf>]
>>>>>>> da0c244465d1b0ba8486b9c385c5768d1e43c1f8

LaTeX Warning: Hyper reference `Table1' on page 14 undefined on input line 146.


<<<<<<< HEAD

Overfull \hbox (10.40302pt too wide) in paragraph at lines 153--163
 [][] 
 []


LaTeX Warning: `h' float specifier changed to `ht'.


LaTeX Warning: `h' float specifier changed to `ht'.

) [14] [15] (D3_DispatchNet.aux)
 ***********
LaTeX2e <2025-11-01>
L3 programming layer <2025-12-24>
 ***********


LaTeX Warning: There were undefined references.

Package rerunfilecheck Info: File `D3_DispatchNet.out' has not changed.
(rerunfilecheck)             Checksum: DB721AD5EFB7BBACEDEC4E8C0CD2C915;2043.
 ) 
Here is how much of TeX's memory you used:
 10307 strings out of 467871
 165260 string characters out of 5418376
 581307 words of memory out of 5000000
 39040 multiletter control sequences out of 15000+600000
 635002 words of font info for 64 fonts, out of 8000000 for 9000
 1141 hyphenation exceptions out of 8191
 75i,12n,79p,373b,562s stack positions out of 10000i,1000n,20000p,200000b,200000s
 <C:\Users\gatto\AppData\Local\MiKTeX\fonts/pk/ljfour/jknappen/ec/dpi600\tcrm
1200.pk><C:/Users/gatto/AppData/Local/Programs/MiKTeX/fonts/type1/public/amsfon
ts/cm/cmbx12.pfb><C:/Users/gatto/AppData/Local/Programs/MiKTeX/fonts/type1/publ
ic/amsfonts/cm/cmr10.pfb><C:/Users/gatto/AppData/Local/Programs/MiKTeX/fonts/ty
pe1/public/amsfonts/cm/cmr12.pfb><C:/Users/gatto/AppData/Local/Programs/MiKTeX/
fonts/type1/public/amsfonts/cm/cmti12.pfb><C:/Users/gatto/AppData/Local/Program
s/MiKTeX/fonts/type1/public/amsfonts/cm/cmtt12.pfb>
Output written on D3_DispatchNet.pdf (16 pages, 742666 bytes).
PDF statistics:
 245 PDF objects out of 1000 (max. 8388607)
 37 named destinations out of 1000 (max. 500000)
 192 words of extra memory for PDF output out of 10000 (max. 10000000)
=======
! Missing } inserted.
<inserted text> 
                }
l.165 \end{center}
                  
? q
OK, entering \batchmode...
! Missing } inserted.
<inserted text> 
                }
l.165 \end{center}
                  
I've inserted something that you may have forgotten.
(See the <inserted text> above.)
With luck, this will get me unwedged. But if you
really didn't forget anything, try typing `2' now; then
my insertion and my current dilemma will both disappear.

! Missing \cr inserted.
<inserted text> 
                \cr 
l.165 \end{center}
                  
I'm guessing that you meant to end an alignment here.

! Missing { inserted.
<inserted text> 
                {
l.165 \end{center}
                  
I've put in what seems to be necessary to fix
the current column of the current alignment.
Try to go on, since this might almost work.


! LaTeX Error: \begin{tabular} on input line 150 ended by \end{center}.

See the LaTeX manual or LaTeX Companion for explanation.
Type  H <return>  for immediate help.
 ...                                              
                                                  
l.165 \end{center}
                  
Your command was ignored.
Type  I <command> <return>  to replace it with another command,
or  <return>  to continue without it.

! Missing } inserted.
<inserted text> 
                }
l.165 \end{center}
                  
I've inserted something that you may have forgotten.
(See the <inserted text> above.)
With luck, this will get me unwedged. But if you
really didn't forget anything, try typing `2' now; then
my insertion and my current dilemma will both disappear.

! Missing $ inserted.
<inserted text> 
                $
l.165 \end{center}
                  
I've inserted something that you may have forgotten.
(See the <inserted text> above.)
With luck, this will get me unwedged. But if you
really didn't forget anything, try typing `2' now; then
my insertion and my current dilemma will both disappear.

! Missing } inserted.
<inserted text> 
                }
l.165 \end{center}
                  
I've inserted something that you may have forgotten.
(See the <inserted text> above.)
With luck, this will get me unwedged. But if you
really didn't forget anything, try typing `2' now; then
my insertion and my current dilemma will both disappear.


Overfull \hbox (135.42401pt too wide) in paragraph at lines 150--166
 [] 
 []

 [14]
! Missing } inserted.
<inserted text> 
                }
l.184 \end{center}
                  
I've inserted something that you may have forgotten.
(See the <inserted text> above.)
With luck, this will get me unwedged. But if you
really didn't forget anything, try typing `2' now; then
my insertion and my current dilemma will both disappear.

! Missing } inserted.
<inserted text> 
                }
l.184 \end{center}
                  
I've inserted something that you may have forgotten.
(See the <inserted text> above.)
With luck, this will get me unwedged. But if you
really didn't forget anything, try typing `2' now; then
my insertion and my current dilemma will both disappear.

! Missing \cr inserted.
<inserted text> 
                \cr 
l.184 \end{center}
                  
I'm guessing that you meant to end an alignment here.

! Missing { inserted.
<inserted text> 
                {
l.184 \end{center}
                  
I've put in what seems to be necessary to fix
the current column of the current alignment.
Try to go on, since this might almost work.


! LaTeX Error: \begin{tabular} on input line 169 ended by \end{center}.

See the LaTeX manual or LaTeX Companion for explanation.
Type  H <return>  for immediate help.
 ...                                              
                                                  
l.184 \end{center}
                  
Your command was ignored.
Type  I <command> <return>  to replace it with another command,
or  <return>  to continue without it.

! Missing } inserted.
<inserted text> 
                }
l.184 \end{center}
                  
I've inserted something that you may have forgotten.
(See the <inserted text> above.)
With luck, this will get me unwedged. But if you
really didn't forget anything, try typing `2' now; then
my insertion and my current dilemma will both disappear.

! Missing $ inserted.
<inserted text> 
                $
l.184 \end{center}
                  
I've inserted something that you may have forgotten.
(See the <inserted text> above.)
With luck, this will get me unwedged. But if you
really didn't forget anything, try typing `2' now; then
my insertion and my current dilemma will both disappear.

! Missing } inserted.
<inserted text> 
                }
l.184 \end{center}
                  
I've inserted something that you may have forgotten.
(See the <inserted text> above.)
With luck, this will get me unwedged. But if you
really didn't forget anything, try typing `2' now; then
my insertion and my current dilemma will both disappear.

)

! LaTeX Error: \begin{center} on input line 168 ended by \end{document}.

See the LaTeX manual or LaTeX Companion for explanation.
Type  H <return>  for immediate help.
 ...                                              
                                                  
l.86 \end{document}
                   
Your command was ignored.
Type  I <command> <return>  to replace it with another command,
or  <return>  to continue without it.

 [15] (./D3_DispatchNet.aux)
 ***********
LaTeX2e <2025-11-01>
L3 programming layer <2026-01-19>
 ***********

LaTeX Warning: There were undefined references.


LaTeX Warning: Label(s) may have changed. Rerun to get cross-references right.


Package rerunfilecheck Warning: File `D3_DispatchNet.out' has changed.
(rerunfilecheck)                Rerun to get outlines right
(rerunfilecheck)                or use package `bookmark'.

Package rerunfilecheck Info: Checksums for `D3_DispatchNet.out':
(rerunfilecheck)             Before: D41D8CD98F00B204E9800998ECF8427E;0
(rerunfilecheck)             After:  E04953D735286C6100DEA2C4520B07D8;2211.
 )
(\end occurred inside a group at level 2)

### semi simple group (level 2) entered at line 168 (\begingroup)
### semi simple group (level 1) entered at line 149 (\begingroup)
### bottom level 
Here is how much of TeX's memory you used:
 10283 strings out of 469515
 160775 string characters out of 5470808
 571940 words of memory out of 5000000
 38792 multiletter control sequences out of 15000+600000
 635002 words of font info for 64 fonts, out of 8000000 for 9000
 14 hyphenation exceptions out of 8191
 75i,12n,79p,371b,574s stack positions out of 10000i,1000n,20000p,200000b,200000s
</usr/share/texmf-dist/fonts/type1/public/amsfonts/cm/cmbx12.pf
b></usr/share/texmf-dist/fonts/type1/public/amsfonts/cm/cmr10.pfb></usr/share/t
exmf-dist/fonts/type1/public/amsfonts/cm/cmr12.pfb></usr/share/texmf-dist/fonts
/type1/public/amsfonts/cm/cmti12.pfb></usr/share/texmf-dist/fonts/type1/public/
amsfonts/cm/cmtt12.pfb></usr/share/texmf-dist/fonts/type1/public/cm-super/sfrm1
200.pfb>
Output written on D3_DispatchNet.pdf (16 pages, 715515 bytes).
PDF statistics:
 170 PDF objects out of 1000 (max. 8388607)
 121 compressed objects within 2 object streams
 36 named destinations out of 1000 (max. 500000)
 56 words of extra memory for PDF output out of 10000 (max. 10000000)
>>>>>>> da0c244465d1b0ba8486b9c385c5768d1e43c1f8

